main.c:81:6:LoopDelay	2
main.c:85:13:SPIx_Init	1
main.c:109:17:SPIx_Read	1
main.c:113:13:SPIx_Write	3
main.c:123:6:EPD_IO_Init	1
main.c:142:6:EPD_IO_WriteData	1
main.c:158:6:EPD_IO_WriteReg	1
main.c:170:10:EPD_IO_ReadData	1
main.c:188:6:EPD_Delay	1
main.c:193:10:read_cycle	7
main.c:211:9:read_DHT11	11
main.c:286:5:main	4
main.c:368:6:SystemClock_Config	4
main.c:422:13:MX_I2C1_Init	4
main.c:470:13:MX_SPI1_Init	2
main.c:508:13:MX_SPI2_Init	2
main.c:546:13:MX_TSC_Init	2
main.c:589:13:MX_USART1_UART_Init	2
main.c:624:13:MX_USB_PCD_Init	2
main.c:656:13:MX_GPIO_Init	1
main.c:718:6:Error_Handler	1
