main.c:86:6:LoopDelay	2
main.c:90:13:SPIx_Init	1
main.c:114:17:SPIx_Read	1
main.c:118:13:SPIx_Write	3
main.c:128:6:EPD_IO_Init	1
main.c:147:6:EPD_IO_WriteData	1
main.c:163:6:EPD_IO_WriteReg	1
main.c:175:10:EPD_IO_ReadData	1
main.c:193:6:EPD_Delay	1
main.c:198:10:read_cycle	7
main.c:216:9:read_DHT11	11
main.c:291:5:main	1
main.c:381:6:SystemClock_Config	4
main.c:435:13:MX_I2C1_Init	4
main.c:483:13:MX_SPI1_Init	2
main.c:521:13:MX_SPI2_Init	2
main.c:559:13:MX_TSC_Init	2
main.c:602:13:MX_USART1_UART_Init	2
main.c:637:13:MX_USB_PCD_Init	2
main.c:669:13:MX_GPIO_Init	1
main.c:731:6:Error_Handler	1
